aeroway|aerodrome|2
aeroway|apron|1
aeroway|hangar|2
aeroway|helipad|12
aeroway|heliport|2
aeroway|runway|3
emergency|yes|11
power|generator|9
power|plant|1
power|substation|15
tower||1
