aeroway|helipad|9
aeroway|navigationaid|1
communications_tower||1
emergency|ambulance_station|1
emergency|fire_hydrant|357
emergency|highway_access|1
emergency|phone|16
flagpole||248
mast||2
power|generator|2
power|insulator|4
power|pole|88
power|tower|114
silo||10
tower|bell_tower|1
tower|communication|9
tower||32
