admin_level|1
archipelago|1
boundary|12
island|6
islet|1
neighborhood|1
neighbourhood|110
plot|3
square|4
suburb|9
town|1
