bus|Metro Bus 3Y 7Y 11Y 80 S1 16Y OmniRide G MTA Commuter Bus|2
bus|yes|315
highway|bus_stop|74
platform||1
railway|buffer_stop|50
railway|crossing|32
railway|derail|1
railway|junction|5
railway|level_crossing|125
railway|milestone|27
railway|railway_crossing|4
railway|service_station|1
railway|signal|45
railway|station|46
railway|stop|98
railway|subway_entrance|77
railway|switch|230
railway|tram_stop|16
railway|turntable|1
railway|ventilation_shaft|4
railway|yard|2
station||6
stop_position||1
