aerialway|animal_crossing|1
railway|abandoned|31
railway|disused|22
railway|facility|18
railway|light_rail|2
railway|rail|512
railway|subway|225
railway|tram|37
