bridleway|1
elevator|3
footway|29
living_street|1
pedestrian|73
service|1
services|1
steps|1
