waterway|canal|14
waterway|dam|2
waterway|derelict_canal|2
waterway|ditch|5
waterway|drain|2
waterway|river|12
waterway|stream|113
waterway|weir|2
