natural|water|272
natural|wetland|9
waterway|dock|2
waterway|riverbank|5
waterway|stream|1
